<?xml version="1.0" encoding="UTF-8"?>
<?xml-stylesheet type="text/xsl" href="https://raw.githubusercontent.com/mkorneev/json_compatibility_test/master/render_json_diff.xsl"?>
<list>
    <item class="similar">
        <obj_diff>
            <pair class="same_key">
                <key>
                    firstName
                </key>
                <value>
                    <same>
                        <str>
                            John
                        </str>
                    </same>
                </value>
            </pair>
            <pair class="same_key">
                <key>
                    lastName
                </key>
                <value>
                    <same>
                        <str>
                            Smith
                        </str>
                    </same>
                </value>
            </pair>
        </obj_diff>
    </item>
    <item class="similar">
        <obj_diff>
            <pair class="same_key">
                <key>
                    firstName
                </key>
                <value>
                    <same>
                        <str>
                            Mary
                        </str>
                    </same>
                </value>
            </pair>
            <pair class="same_key">
                <key>
                    lastName
                </key>
                <value>
                    <same>
                        <str>
                            Bower
                        </str>
                    </same>
                </value>
            </pair>
        </obj_diff>
    </item>
</list>
