[
  {"firstName": "John", "lastName": "Smith"},
  {"firstName": "Mary", "lastName": "Bower"}
]