[
  {"firstName": "Mary", "lastName": "Bower"},
  {"firstName": "John", "lastName": "Smith"}
]