[
  {"@index_by": ["firstName", "lastName"]},
  {}
]