<?xml version="1.0" encoding="UTF-8"?>
<?xml-stylesheet type="text/xsl" href="https://raw.githubusercontent.com/mkorneev/json_compatibility_test/master/render_json_diff.xsl"?>
<obj_diff>
    <pair class="same_key">
        <key>
            age
        </key>
        <value>
            <similar>
                <from>
                    <num>
                        23.0
                    </num>
                </from>
                <to>
                    <num>
                        24.0
                    </num>
                </to>
            </similar>
        </value>
    </pair>
    <pair class="same_key">
        <key>
            firstName
        </key>
        <value>
            <same>
                <str>
                    Rachel
                </str>
            </same>
        </value>
    </pair>
    <pair class="same_key">
        <key>
            friends
        </key>
        <value>
            <list>
                <item class="removed">
                    <str>
                        John
                    </str>
                </item>
                <item class="removed">
                    <str>
                        Mary
                    </str>
                </item>
                <item class="added">
                    <str>
                        Ann
                    </str>
                </item>
                <item class="added">
                    <str>
                        John
                    </str>
                </item>
            </list>
        </value>
    </pair>
    <pair class="removed_key">
        <key>
            lastName
        </key>
        <value>
            <str>
                Scott
            </str>
        </value>
    </pair>
    <pair class="allowed_added_key">
        <key>
            last_name
        </key>
        <value>
            <str>
                Scott
            </str>
        </value>
    </pair>
    <pair class="same_key">
        <key>
            likesPizza
        </key>
        <value>
            <similar>
                <from>
                    <bool>
                        true
                    </bool>
                </from>
                <to>
                    <bool>
                        false
                    </bool>
                </to>
            </similar>
        </value>
    </pair>
    <pair class="allowed_added_key">
        <key>
            new_list
        </key>
        <value>
            <list>
                <item>
                    <num>
                        1.0
                    </num>
                </item>
                <item>
                    <num>
                        2.0
                    </num>
                </item>
                <item>
                    <num>
                        3.0
                    </num>
                </item>
            </list>
        </value>
    </pair>
    <pair class="same_key">
        <key>
            start
        </key>
        <value>
            <similar>
                <from>
                    <str>
                        2017-11-22T19:56:42.988000+01:00
                    </str>
                </from>
                <to>
                    <str>
                        2017-11-22T19:56:42+01:00
                    </str>
                </to>
            </similar>
        </value>
    </pair>
</obj_diff>
