{
  "firstName": "Rachel",
  "lastName": "Scott",
  "age": 23,
  "likesPizza": true,
  "friends": [
    "John", "Mary"
  ],
  "start": "2017-11-22T19:56:42.988000+01:00"
}